
**** Build of configuration Debug for project bootloader ****

make all 
Building file: ../src/bootloader.c
Invoking: MicroBlaze gcc compiler
mb-gcc -Wall -O2 -g -c -fmessage-length=0 -I../../sp605_bist_bsp_0/microblaze_0/include -mxl-pattern-compare -mcpu=v8.20.b -mno-xl-soft-mul -MMD -MP -MF"src/bootloader.d" -MT"src/bootloader.d" -o"src/bootloader.o" "../src/bootloader.c"
Finished building: ../src/bootloader.c
' '
Building file: ../src/srec.c
Invoking: MicroBlaze gcc compiler
mb-gcc -Wall -O2 -g -c -fmessage-length=0 -I../../sp605_bist_bsp_0/microblaze_0/include -mxl-pattern-compare -mcpu=v8.20.b -mno-xl-soft-mul -MMD -MP -MF"src/srec.d" -MT"src/srec.d" -o"src/srec.o" "../src/srec.c"
Finished building: ../src/srec.c
' '
Building target: bootloader.elf
Invoking: MicroBlaze gcc linker
mb-gcc -Wl,-T -Wl,../src/lscript.ld -L../../sp605_bist_bsp_0/microblaze_0/lib -mxl-pattern-compare -mcpu=v8.20.b -mno-xl-soft-mul -o"bootloader.elf"  ./src/bootloader.o ./src/srec.o   -lxilflash
Finished building target: bootloader.elf
' '
Invoking: MicroBlaze Print Size
mb-size bootloader.elf  |tee "bootloader.elf.size"
   text	   data	    bss	    dec	    hex	filename
  86020	   1444	  18248	 105712	  19cf0	bootloader.elf
Finished building: bootloader.elf.size
' '
Invoking: Xilinx ELF Check
elfcheck bootloader.elf -hw ../../hw_platform_0/system.xml -pe microblaze_0  |tee "bootloader.elf.elfcheck"
elfcheck
Xilinx EDK 13.4 Build EDK_O.87xd
Copyright (c) 1995-2011 Xilinx, Inc.  All rights reserved.

Command Line: elfcheck -hw ../../hw_platform_0/system.xml -pe microblaze_0
bootloader.elf 

ELF file	: bootloader.elf
elfcheck passed.
Finished building: bootloader.elf.elfcheck
' '
