
**** Build of configuration Debug for project bootloader_prom ****

make all 
Building file: ../src/bootloader.c
Invoking: MicroBlaze gcc compiler
mb-gcc -Wall -O0 -g3 -c -fmessage-length=0 -I../../sp605_bist_bsp_0/microblaze_0/include -mxl-pattern-compare -mcpu=v8.20.b -mno-xl-soft-mul -MMD -MP -MF"src/bootloader.d" -MT"src/bootloader.d" -o"src/bootloader.o" "../src/bootloader.c"
Finished building: ../src/bootloader.c
' '
Building file: ../src/srec.c
Invoking: MicroBlaze gcc compiler
mb-gcc -Wall -O0 -g3 -c -fmessage-length=0 -I../../sp605_bist_bsp_0/microblaze_0/include -mxl-pattern-compare -mcpu=v8.20.b -mno-xl-soft-mul -MMD -MP -MF"src/srec.d" -MT"src/srec.d" -o"src/srec.o" "../src/srec.c"
Finished building: ../src/srec.c
' '
Building target: bootloader_prom.elf
Invoking: MicroBlaze gcc linker
mb-gcc -Wl,-T -Wl,../src/lscript.ld -L../../sp605_bist_bsp_0/microblaze_0/lib -mxl-pattern-compare -mcpu=v8.20.b -mno-xl-soft-mul -o"bootloader_prom.elf"  ./src/bootloader.o ./src/srec.o   -lxilflash
Finished building target: bootloader_prom.elf
' '
Invoking: MicroBlaze Print Size
mb-size bootloader_prom.elf  |tee "bootloader_prom.elf.size"
   text	   data	    bss	    dec	    hex	filename
   9278	    304	   5318	  14900	   3a34	bootloader_prom.elf
Finished building: bootloader_prom.elf.size
' '
Invoking: Xilinx ELF Check
elfcheck bootloader_prom.elf -hw ../../hw_platform_0/system.xml -pe microblaze_0  |tee "bootloader_prom.elf.elfcheck"
elfcheck
Xilinx EDK 13.4 Build EDK_O.87xd
Copyright (c) 1995-2011 Xilinx, Inc.  All rights reserved.

Command Line: elfcheck -hw ../../hw_platform_0/system.xml -pe microblaze_0
bootloader_prom.elf 

ELF file	: bootloader_prom.elf
elfcheck passed.
Finished building: bootloader_prom.elf.elfcheck
' '
